// Jest Snapshot v1, https://goo.gl/fbAQLP

exports[`matches snapshot 1`] = `
Object {
  "asFragment": [Function],
  "baseElement": <body>
    <div>
      <div
        class="MuiDrawer-root MuiDrawer-docked makeStyles-drawer-1"
      >
        <div
          class="MuiPaper-root MuiDrawer-paper makeStyles-drawerPaper-2 MuiDrawer-paperAnchorTop MuiDrawer-paperAnchorDockedTop MuiPaper-elevation0"
        >
          <div
            class="makeStyles-drawerHeader-3"
          >
            <button
              class="MuiButtonBase-root MuiIconButton-root"
              tabindex="0"
              type="button"
            >
              <span
                class="MuiIconButton-label"
              >
                <svg
                  aria-hidden="true"
                  class="MuiSvgIcon-root"
                  focusable="false"
                  viewBox="0 0 24 24"
                >
                  <path
                    d="M12 8l-6 6 1.41 1.41L12 10.83l4.59 4.58L18 14z"
                  />
                </svg>
              </span>
              <span
                class="MuiTouchRipple-root"
              />
            </button>
          </div>
          <ul
            class="MuiList-root MuiList-padding"
          >
            <a
              class="makeStyles-textDecoration-69"
              href="/page1-url"
            >
              <div
                aria-disabled="false"
                class="MuiButtonBase-root MuiListItem-root MuiListItem-gutters MuiListItem-button"
                role="button"
                tabindex="0"
              >
                <h6
                  class="MuiTypography-root MuiTypography-subtitle1 MuiTypography-colorPrimary"
                >
                  PAGE1
                </h6>
                <span
                  class="MuiTouchRipple-root"
                />
              </div>
            </a>
            <div
              aria-disabled="false"
              class="MuiButtonBase-root MuiListItem-root MuiListItem-gutters MuiListItem-button"
              data-testid="openMenuButton"
              role="button"
              tabindex="0"
            >
              <h6
                class="MuiTypography-root MuiTypography-subtitle1 MuiTypography-colorSecondary"
              >
                PAGE2
              </h6>
              <svg
                aria-hidden="true"
                class="MuiSvgIcon-root MuiSvgIcon-colorSecondary"
                focusable="false"
                viewBox="0 0 24 24"
              >
                <path
                  d="M16.59 8.59L12 13.17 7.41 8.59 6 10l6 6 6-6z"
                />
              </svg>
              <span
                class="MuiTouchRipple-root"
              />
            </div>
          </ul>
        </div>
      </div>
    </div>
  </body>,
  "container": <div>
    <div
      class="MuiDrawer-root MuiDrawer-docked makeStyles-drawer-1"
    >
      <div
        class="MuiPaper-root MuiDrawer-paper makeStyles-drawerPaper-2 MuiDrawer-paperAnchorTop MuiDrawer-paperAnchorDockedTop MuiPaper-elevation0"
      >
        <div
          class="makeStyles-drawerHeader-3"
        >
          <button
            class="MuiButtonBase-root MuiIconButton-root"
            tabindex="0"
            type="button"
          >
            <span
              class="MuiIconButton-label"
            >
              <svg
                aria-hidden="true"
                class="MuiSvgIcon-root"
                focusable="false"
                viewBox="0 0 24 24"
              >
                <path
                  d="M12 8l-6 6 1.41 1.41L12 10.83l4.59 4.58L18 14z"
                />
              </svg>
            </span>
            <span
              class="MuiTouchRipple-root"
            />
          </button>
        </div>
        <ul
          class="MuiList-root MuiList-padding"
        >
          <a
            class="makeStyles-textDecoration-69"
            href="/page1-url"
          >
            <div
              aria-disabled="false"
              class="MuiButtonBase-root MuiListItem-root MuiListItem-gutters MuiListItem-button"
              role="button"
              tabindex="0"
            >
              <h6
                class="MuiTypography-root MuiTypography-subtitle1 MuiTypography-colorPrimary"
              >
                PAGE1
              </h6>
              <span
                class="MuiTouchRipple-root"
              />
            </div>
          </a>
          <div
            aria-disabled="false"
            class="MuiButtonBase-root MuiListItem-root MuiListItem-gutters MuiListItem-button"
            data-testid="openMenuButton"
            role="button"
            tabindex="0"
          >
            <h6
              class="MuiTypography-root MuiTypography-subtitle1 MuiTypography-colorSecondary"
            >
              PAGE2
            </h6>
            <svg
              aria-hidden="true"
              class="MuiSvgIcon-root MuiSvgIcon-colorSecondary"
              focusable="false"
              viewBox="0 0 24 24"
            >
              <path
                d="M16.59 8.59L12 13.17 7.41 8.59 6 10l6 6 6-6z"
              />
            </svg>
            <span
              class="MuiTouchRipple-root"
            />
          </div>
        </ul>
      </div>
    </div>
  </div>,
  "debug": [Function],
  "findAllByAltText": [Function],
  "findAllByDisplayValue": [Function],
  "findAllByLabelText": [Function],
  "findAllByPlaceholderText": [Function],
  "findAllByRole": [Function],
  "findAllByTestId": [Function],
  "findAllByText": [Function],
  "findAllByTitle": [Function],
  "findByAltText": [Function],
  "findByDisplayValue": [Function],
  "findByLabelText": [Function],
  "findByPlaceholderText": [Function],
  "findByRole": [Function],
  "findByTestId": [Function],
  "findByText": [Function],
  "findByTitle": [Function],
  "getAllByAltText": [Function],
  "getAllByDisplayValue": [Function],
  "getAllByLabelText": [Function],
  "getAllByPlaceholderText": [Function],
  "getAllByRole": [Function],
  "getAllByTestId": [Function],
  "getAllByText": [Function],
  "getAllByTitle": [Function],
  "getByAltText": [Function],
  "getByDisplayValue": [Function],
  "getByLabelText": [Function],
  "getByPlaceholderText": [Function],
  "getByRole": [Function],
  "getByTestId": [Function],
  "getByText": [Function],
  "getByTitle": [Function],
  "queryAllByAltText": [Function],
  "queryAllByDisplayValue": [Function],
  "queryAllByLabelText": [Function],
  "queryAllByPlaceholderText": [Function],
  "queryAllByRole": [Function],
  "queryAllByTestId": [Function],
  "queryAllByText": [Function],
  "queryAllByTitle": [Function],
  "queryByAltText": [Function],
  "queryByDisplayValue": [Function],
  "queryByLabelText": [Function],
  "queryByPlaceholderText": [Function],
  "queryByRole": [Function],
  "queryByTestId": [Function],
  "queryByText": [Function],
  "queryByTitle": [Function],
  "rerender": [Function],
  "unmount": [Function],
}
`;
